SX1278.c:14:6:delay_ms	0	static
SX1278.c:27:6:SX1278_hw_SetNSS	0	static
SX1278.c:22:6:SX1278_hw_init	8	static
SX1278.c:32:6:SX1278_hw_Reset	8	static
SX1278.c:43:6:SX1278_hw_SPICommand	24	static
SX1278.c:99:6:SX1278_SPIBurstWrite.part.1	24	static
SX1278.c:50:9:SX1278_hw_SPIReadByte	32	static
SX1278.c:61:5:SX1278_hw_GetDIO0	8	static
SX1278.c:69:9:SX1278_SPIRead	16	static
SX1278.c:77:6:SX1278_SPIWrite	16	static
SX1278.c:84:6:SX1278_SPIBurstRead	24	static
SX1278.c:99:6:SX1278_SPIBurstWrite	0	static
SX1278.c:170:6:SX1278_standby	8	static
SX1278.c:175:6:SX1278_sleep	8	static
SX1278.c:180:6:SX1278_entryLoRa	0	static
SX1278.c:119:6:SX1278_config	24	static
SX1278.c:114:6:SX1278_defaultConfig	16	static
SX1278.c:184:6:SX1278_clearLoRaIrq	0	static
SX1278.c:188:5:SX1278_LoRaEntryRx	16	static
SX1278.c:220:9:SX1278_LoRaRxPacket	16	static
SX1278.c:260:5:SX1278_LoRaEntryTx	16	static
SX1278.c:291:5:SX1278_LoRaTxPacket	16	static
SX1278.c:317:6:SX1278_begin	32	static
SX1278.c:328:5:SX1278_transmit	24	static
SX1278.c:336:5:SX1278_receive	0	static
SX1278.c:340:9:SX1278_available	0	static
SX1278.c:344:9:SX1278_read	16	static
SX1278.c:353:9:SX1278_RSSI_LoRa	8	static
SX1278.c:360:9:SX1278_RSSI	8	static
